$ pwd
/Users/zhengpeixian/ZPX/UTS/DeepLearning/Group/Drowsiness_Detection

$ which python || true
/Users/zhengpeixian/miniforge3/bin/python

$ python --version || true
Python 3.12.11

$ which python3 || true
/Users/zhengpeixian/miniforge3/bin/python3

$ python3 --version || true
Python 3.12.11

$ which python3.12 || true
/Users/zhengpeixian/miniforge3/bin/python3.12

$ python3.12 --version || true
Python 3.12.11

$ which python3.11 || true
python3.11 not found

$ python3.11 --version || true

$ python3.12 -m venv .venv-stage10

$ .venv-stage10/bin/python --version
Python 3.12.11

$ .venv-stage10/bin/python -m pip install --upgrade pip setuptools wheel
WARNING: The directory '/Users/zhengpeixian/Library/Caches/pip' or its parent directory is not owned or is not writable by the current user. The cache has been disabled. Check the permissions and owner of that directory. If executing pip with sudo, you should use sudo's -H flag.
Requirement already satisfied: pip in ./.venv-stage10/lib/python3.12/site-packages (25.0.1)
WARNING: Retrying (Retry(total=4, connect=None, read=None, redirect=None, status=None)) after connection broken by 'NewConnectionError('<pip._vendor.urllib3.connection.HTTPSConnection object at 0x102bf04d0>: Failed to establish a new connection: [Errno 8] nodename nor servname provided, or not known')': /simple/pip/
WARNING: Retrying (Retry(total=3, connect=None, read=None, redirect=None, status=None)) after connection broken by 'NewConnectionError('<pip._vendor.urllib3.connection.HTTPSConnection object at 0x102dd6870>: Failed to establish a new connection: [Errno 8] nodename nor servname provided, or not known')': /simple/pip/
WARNING: Retrying (Retry(total=2, connect=None, read=None, redirect=None, status=None)) after connection broken by 'NewConnectionError('<pip._vendor.urllib3.connection.HTTPSConnection object at 0x102dd69f0>: Failed to establish a new connection: [Errno 8] nodename nor servname provided, or not known')': /simple/pip/
WARNING: Retrying (Retry(total=1, connect=None, read=None, redirect=None, status=None)) after connection broken by 'NewConnectionError('<pip._vendor.urllib3.connection.HTTPSConnection object at 0x102dd6c00>: Failed to establish a new connection: [Errno 8] nodename nor servname provided, or not known')': /simple/pip/
WARNING: Retrying (Retry(total=0, connect=None, read=None, redirect=None, status=None)) after connection broken by 'NewConnectionError('<pip._vendor.urllib3.connection.HTTPSConnection object at 0x102dd6e10>: Failed to establish a new connection: [Errno 8] nodename nor servname provided, or not known')': /simple/pip/
WARNING: Retrying (Retry(total=4, connect=None, read=None, redirect=None, status=None)) after connection broken by 'NewConnectionError('<pip._vendor.urllib3.connection.HTTPSConnection object at 0x102f307d0>: Failed to establish a new connection: [Errno 8] nodename nor servname provided, or not known')': /simple/setuptools/
WARNING: Retrying (Retry(total=3, connect=None, read=None, redirect=None, status=None)) after connection broken by 'NewConnectionError('<pip._vendor.urllib3.connection.HTTPSConnection object at 0x102f30c80>: Failed to establish a new connection: [Errno 8] nodename nor servname provided, or not known')': /simple/setuptools/
WARNING: Retrying (Retry(total=2, connect=None, read=None, redirect=None, status=None)) after connection broken by 'NewConnectionError('<pip._vendor.urllib3.connection.HTTPSConnection object at 0x102f30e90>: Failed to establish a new connection: [Errno 8] nodename nor servname provided, or not known')': /simple/setuptools/
WARNING: Retrying (Retry(total=1, connect=None, read=None, redirect=None, status=None)) after connection broken by 'NewConnectionError('<pip._vendor.urllib3.connection.HTTPSConnection object at 0x102f30fe0>: Failed to establish a new connection: [Errno 8] nodename nor servname provided, or not known')': /simple/setuptools/
WARNING: Retrying (Retry(total=0, connect=None, read=None, redirect=None, status=None)) after connection broken by 'NewConnectionError('<pip._vendor.urllib3.connection.HTTPSConnection object at 0x102f310a0>: Failed to establish a new connection: [Errno 8] nodename nor servname provided, or not known')': /simple/setuptools/
ERROR: Could not find a version that satisfies the requirement setuptools (from versions: none)
ERROR: No matching distribution found for setuptools

$ .venv-stage10/bin/pip install --upgrade pip setuptools wheel
Requirement already satisfied: pip in ./.venv-stage10/lib/python3.12/site-packages (25.0.1)
Collecting pip
  Downloading pip-26.1.1-py3-none-any.whl.metadata (4.6 kB)
Collecting setuptools
  Downloading setuptools-82.0.1-py3-none-any.whl.metadata (6.5 kB)
Collecting wheel
  Downloading wheel-0.47.0-py3-none-any.whl.metadata (2.3 kB)
Collecting packaging>=24.0 (from wheel)
  Downloading packaging-26.2-py3-none-any.whl.metadata (3.5 kB)
Downloading pip-26.1.1-py3-none-any.whl (1.8 MB)
   ━━━━━━━━━━━━━━━━━━━━━━━━━━━━━━━━━━━━━━━━ 1.8/1.8 MB 7.3 MB/s eta 0:00:00
Downloading setuptools-82.0.1-py3-none-any.whl (1.0 MB)
   ━━━━━━━━━━━━━━━━━━━━━━━━━━━━━━━━━━━━━━━━ 1.0/1.0 MB 12.4 MB/s eta 0:00:00
Downloading wheel-0.47.0-py3-none-any.whl (32 kB)
Downloading packaging-26.2-py3-none-any.whl (100 kB)
Installing collected packages: setuptools, pip, packaging, wheel
  Attempting uninstall: pip
    Found existing installation: pip 25.0.1
    Uninstalling pip-25.0.1:
      Successfully uninstalled pip-25.0.1
Successfully installed packaging-26.2 pip-26.1.1 setuptools-82.0.1 wheel-0.47.0

$ .venv-stage10/bin/pip install mediapipe opencv-python pillow numpy pandas matplotlib scikit-learn torch torchvision
Collecting mediapipe
  Downloading mediapipe-0.10.35-py3-none-macosx_11_0_arm64.whl.metadata (9.8 kB)
Collecting opencv-python
  Downloading opencv_python-4.13.0.92-cp37-abi3-macosx_13_0_arm64.whl.metadata (19 kB)
Collecting pillow
  Downloading pillow-12.2.0-cp312-cp312-macosx_11_0_arm64.whl.metadata (8.8 kB)
Collecting numpy
  Downloading numpy-2.4.4-cp312-cp312-macosx_14_0_arm64.whl.metadata (6.6 kB)
Collecting pandas
  Downloading pandas-3.0.2-cp312-cp312-macosx_11_0_arm64.whl.metadata (79 kB)
Collecting matplotlib
  Downloading matplotlib-3.10.9-cp312-cp312-macosx_11_0_arm64.whl.metadata (52 kB)
Collecting scikit-learn
  Downloading scikit_learn-1.8.0-cp312-cp312-macosx_12_0_arm64.whl.metadata (11 kB)
Collecting torch
  Downloading torch-2.11.0-cp312-cp312-macosx_11_0_arm64.whl.metadata (29 kB)
Collecting torchvision
  Downloading torchvision-0.26.0-cp312-cp312-macosx_11_0_arm64.whl.metadata (5.5 kB)
Collecting absl-py~=2.3 (from mediapipe)
  Downloading absl_py-2.4.0-py3-none-any.whl.metadata (3.3 kB)
Collecting certifi (from mediapipe)
  Downloading certifi-2026.4.22-py3-none-any.whl.metadata (2.5 kB)
Collecting sounddevice~=0.5 (from mediapipe)
  Downloading sounddevice-0.5.5-py3-none-macosx_10_6_x86_64.macosx_10_6_universal2.whl.metadata (1.4 kB)
Collecting flatbuffers~=25.9 (from mediapipe)
  Downloading flatbuffers-25.12.19-py2.py3-none-any.whl.metadata (1.0 kB)
Collecting opencv-contrib-python (from mediapipe)
  Downloading opencv_contrib_python-4.13.0.92-cp37-abi3-macosx_13_0_arm64.whl.metadata (19 kB)
Collecting cffi (from sounddevice~=0.5->mediapipe)
  Downloading cffi-2.0.0-cp312-cp312-macosx_11_0_arm64.whl.metadata (2.6 kB)
Collecting python-dateutil>=2.8.2 (from pandas)
  Using cached python_dateutil-2.9.0.post0-py2.py3-none-any.whl.metadata (8.4 kB)
Collecting contourpy>=1.0.1 (from matplotlib)
  Downloading contourpy-1.3.3-cp312-cp312-macosx_11_0_arm64.whl.metadata (5.5 kB)
Collecting cycler>=0.10 (from matplotlib)
  Using cached cycler-0.12.1-py3-none-any.whl.metadata (3.8 kB)
Collecting fonttools>=4.22.0 (from matplotlib)
  Downloading fonttools-4.62.1-cp312-cp312-macosx_10_13_universal2.whl.metadata (117 kB)
Collecting kiwisolver>=1.3.1 (from matplotlib)
  Downloading kiwisolver-1.5.0-cp312-cp312-macosx_11_0_arm64.whl.metadata (5.1 kB)
Requirement already satisfied: packaging>=20.0 in ./.venv-stage10/lib/python3.12/site-packages (from matplotlib) (26.2)
Collecting pyparsing>=3 (from matplotlib)
  Downloading pyparsing-3.3.2-py3-none-any.whl.metadata (5.8 kB)
Collecting scipy>=1.10.0 (from scikit-learn)
  Downloading scipy-1.17.1-cp312-cp312-macosx_14_0_arm64.whl.metadata (62 kB)
Collecting joblib>=1.3.0 (from scikit-learn)
  Using cached joblib-1.5.3-py3-none-any.whl.metadata (5.5 kB)
Collecting threadpoolctl>=3.2.0 (from scikit-learn)
  Using cached threadpoolctl-3.6.0-py3-none-any.whl.metadata (13 kB)
Collecting filelock (from torch)
  Using cached filelock-3.29.0-py3-none-any.whl.metadata (2.0 kB)
Collecting typing-extensions>=4.10.0 (from torch)
  Using cached typing_extensions-4.15.0-py3-none-any.whl.metadata (3.3 kB)
Collecting setuptools<82 (from torch)
  Using cached setuptools-81.0.0-py3-none-any.whl.metadata (6.6 kB)
Collecting sympy>=1.13.3 (from torch)
  Using cached sympy-1.14.0-py3-none-any.whl.metadata (12 kB)
Collecting networkx>=2.5.1 (from torch)
  Using cached networkx-3.6.1-py3-none-any.whl.metadata (6.8 kB)
Collecting jinja2 (from torch)
  Using cached jinja2-3.1.6-py3-none-any.whl.metadata (2.9 kB)
Collecting fsspec>=0.8.5 (from torch)
  Downloading fsspec-2026.4.0-py3-none-any.whl.metadata (10 kB)
Collecting six>=1.5 (from python-dateutil>=2.8.2->pandas)
  Using cached six-1.17.0-py2.py3-none-any.whl.metadata (1.7 kB)
Collecting mpmath<1.4,>=1.1.0 (from sympy>=1.13.3->torch)
  Using cached mpmath-1.3.0-py3-none-any.whl.metadata (8.6 kB)
Collecting pycparser (from cffi->sounddevice~=0.5->mediapipe)
  Downloading pycparser-3.0-py3-none-any.whl.metadata (8.2 kB)
Collecting MarkupSafe>=2.0 (from jinja2->torch)
  Downloading markupsafe-3.0.3-cp312-cp312-macosx_11_0_arm64.whl.metadata (2.7 kB)
Downloading mediapipe-0.10.35-py3-none-macosx_11_0_arm64.whl (17.8 MB)
   ━━━━━━━━━━━━━━━━━━━━━━━━━━━━━━━━━━━━━━━━ 17.8/17.8 MB 11.0 MB/s  0:00:01
Downloading absl_py-2.4.0-py3-none-any.whl (135 kB)
Downloading flatbuffers-25.12.19-py2.py3-none-any.whl (26 kB)
Downloading sounddevice-0.5.5-py3-none-macosx_10_6_x86_64.macosx_10_6_universal2.whl (108 kB)
Downloading opencv_python-4.13.0.92-cp37-abi3-macosx_13_0_arm64.whl (46.2 MB)
   ━━━━━━━━━━━━━━━━━━━━━━━━━━━━━━━━━━━━━━━━ 46.2/46.2 MB 11.4 MB/s  0:00:04
Downloading pillow-12.2.0-cp312-cp312-macosx_11_0_arm64.whl (4.7 MB)
   ━━━━━━━━━━━━━━━━━━━━━━━━━━━━━━━━━━━━━━━━ 4.7/4.7 MB 10.5 MB/s  0:00:00
Downloading numpy-2.4.4-cp312-cp312-macosx_14_0_arm64.whl (5.2 MB)
   ━━━━━━━━━━━━━━━━━━━━━━━━━━━━━━━━━━━━━━━━ 5.2/5.2 MB 10.9 MB/s  0:00:00
Downloading pandas-3.0.2-cp312-cp312-macosx_11_0_arm64.whl (9.9 MB)
   ━━━━━━━━━━━━━━━━━━━━━━━━━━━━━━━━━━━━━━━━ 9.9/9.9 MB 11.9 MB/s  0:00:00
Downloading matplotlib-3.10.9-cp312-cp312-macosx_11_0_arm64.whl (8.2 MB)
   ━━━━━━━━━━━━━━━━━━━━━━━━━━━━━━━━━━━━━━━━ 8.2/8.2 MB 10.5 MB/s  0:00:00
Downloading scikit_learn-1.8.0-cp312-cp312-macosx_12_0_arm64.whl (8.1 MB)
   ━━━━━━━━━━━━━━━━━━━━━━━━━━━━━━━━━━━━━━━━ 8.1/8.1 MB 11.3 MB/s  0:00:00
Downloading torch-2.11.0-cp312-cp312-macosx_11_0_arm64.whl (80.6 MB)
   ━━━━━━━━━━━━━━━━━━━━━━━━━━━━━━━━━━━━━━━━ 80.6/80.6 MB 11.1 MB/s  0:00:07
Using cached setuptools-81.0.0-py3-none-any.whl (1.1 MB)
Downloading torchvision-0.26.0-cp312-cp312-macosx_11_0_arm64.whl (1.9 MB)
   ━━━━━━━━━━━━━━━━━━━━━━━━━━━━━━━━━━━━━━━━ 1.9/1.9 MB 12.7 MB/s  0:00:00
Downloading contourpy-1.3.3-cp312-cp312-macosx_11_0_arm64.whl (273 kB)
Using cached cycler-0.12.1-py3-none-any.whl (8.3 kB)
Downloading fonttools-4.62.1-cp312-cp312-macosx_10_13_universal2.whl (2.9 MB)
   ━━━━━━━━━━━━━━━━━━━━━━━━━━━━━━━━━━━━━━━━ 2.9/2.9 MB 13.5 MB/s  0:00:00
Downloading fsspec-2026.4.0-py3-none-any.whl (203 kB)
Using cached joblib-1.5.3-py3-none-any.whl (309 kB)
Downloading kiwisolver-1.5.0-cp312-cp312-macosx_11_0_arm64.whl (64 kB)
Using cached networkx-3.6.1-py3-none-any.whl (2.1 MB)
Downloading pyparsing-3.3.2-py3-none-any.whl (122 kB)
Using cached python_dateutil-2.9.0.post0-py2.py3-none-any.whl (229 kB)
Downloading scipy-1.17.1-cp312-cp312-macosx_14_0_arm64.whl (20.3 MB)
   ━━━━━━━━━━━━━━━━━━━━━━━━━━━━━━━━━━━━━━━━ 20.3/20.3 MB 11.0 MB/s  0:00:01
Using cached six-1.17.0-py2.py3-none-any.whl (11 kB)
Using cached sympy-1.14.0-py3-none-any.whl (6.3 MB)
Using cached mpmath-1.3.0-py3-none-any.whl (536 kB)
Using cached threadpoolctl-3.6.0-py3-none-any.whl (18 kB)
Using cached typing_extensions-4.15.0-py3-none-any.whl (44 kB)
Downloading certifi-2026.4.22-py3-none-any.whl (135 kB)
Downloading cffi-2.0.0-cp312-cp312-macosx_11_0_arm64.whl (181 kB)
Using cached filelock-3.29.0-py3-none-any.whl (39 kB)
Using cached jinja2-3.1.6-py3-none-any.whl (134 kB)
Downloading markupsafe-3.0.3-cp312-cp312-macosx_11_0_arm64.whl (12 kB)
Downloading opencv_contrib_python-4.13.0.92-cp37-abi3-macosx_13_0_arm64.whl (52.0 MB)
   ━━━━━━━━━━━━━━━━━━━━━━━━━━━━━━━━━━━━━━━━ 52.0/52.0 MB 11.7 MB/s  0:00:04
Downloading pycparser-3.0-py3-none-any.whl (48 kB)
Installing collected packages: mpmath, flatbuffers, typing-extensions, threadpoolctl, sympy, six, setuptools, pyparsing, pycparser, pillow, numpy, networkx, MarkupSafe, kiwisolver, joblib, fsspec, fonttools, filelock, cycler, certifi, absl-py, scipy, python-dateutil, opencv-python, opencv-contrib-python, jinja2, contourpy, cffi, torch, sounddevice, scikit-learn, pandas, matplotlib, torchvision, mediapipe
  Attempting uninstall: setuptools
    Found existing installation: setuptools 82.0.1
    Uninstalling setuptools-82.0.1:
      Successfully uninstalled setuptools-82.0.1

Successfully installed MarkupSafe-3.0.3 absl-py-2.4.0 certifi-2026.4.22 cffi-2.0.0 contourpy-1.3.3 cycler-0.12.1 filelock-3.29.0 flatbuffers-25.12.19 fonttools-4.62.1 fsspec-2026.4.0 jinja2-3.1.6 joblib-1.5.3 kiwisolver-1.5.0 matplotlib-3.10.9 mediapipe-0.10.35 mpmath-1.3.0 networkx-3.6.1 numpy-2.4.4 opencv-contrib-python-4.13.0.92 opencv-python-4.13.0.92 pandas-3.0.2 pillow-12.2.0 pycparser-3.0 pyparsing-3.3.2 python-dateutil-2.9.0.post0 scikit-learn-1.8.0 scipy-1.17.1 setuptools-81.0.0 six-1.17.0 sounddevice-0.5.5 sympy-1.14.0 threadpoolctl-3.6.0 torch-2.11.0 torchvision-0.26.0 typing-extensions-4.15.0

$ .venv-stage10/bin/python import_check
/Users/zhengpeixian/.matplotlib is not a writable directory
Matplotlib created a temporary cache directory at /var/folders/_c/prf4j4_d3cnc67s5crnwdyz40000gn/T/matplotlib-u0foqevl because there was an issue with the default path (/Users/zhengpeixian/.matplotlib); it is highly recommended to set the MPLCONFIGDIR environment variable to a writable directory, in particular to speed up the import of Matplotlib and to better support multiprocessing.
Matplotlib is building the font cache; this may take a moment.
python 3.12.11 | packaged by conda-forge | (main, Jun  4 2025, 14:38:53) [Clang 18.1.8 ]
opencv 4.13.0
mediapipe 0.10.35
pillow 12.2.0
numpy 2.4.4
pandas 3.0.2
matplotlib 3.10.9
scikit-learn 1.8.0
torch 2.11.0
torchvision 0.26.0
cuda_available False
mps_available False

exit_code=0
$ .venv-stage10/bin/python -m py_compile src/runtime/stage10_eye_roi_consistency.py
exit_code=0
$ .venv-stage10/bin/python src/runtime/stage10_eye_roi_consistency.py --preflight
/Users/zhengpeixian/.matplotlib is not a writable directory
Matplotlib created a temporary cache directory at /var/folders/_c/prf4j4_d3cnc67s5crnwdyz40000gn/T/matplotlib-t_ck1vpc because there was an issue with the default path (/Users/zhengpeixian/.matplotlib); it is highly recommended to set the MPLCONFIGDIR environment variable to a writable directory, in particular to speed up the import of Matplotlib and to better support multiprocessing.
Matplotlib is building the font cache; this may take a moment.
[done] predictions: /Users/zhengpeixian/ZPX/UTS/DeepLearning/Group/Drowsiness_Detection/outputs/stage10_eye_roi_consistency/runtime_eye_roi_predictions.csv
[done] failures: /Users/zhengpeixian/ZPX/UTS/DeepLearning/Group/Drowsiness_Detection/outputs/stage10_eye_roi_consistency/failures.csv
[done] summary: /Users/zhengpeixian/ZPX/UTS/DeepLearning/Group/Drowsiness_Detection/outputs/stage10_eye_roi_consistency/summary.json
[done] report: /Users/zhengpeixian/ZPX/UTS/DeepLearning/Group/Drowsiness_Detection/outputs/stage10_eye_roi_consistency/STAGE10_RUNTIME_EYE_ROI_REPORT.md
exit_code=0

$ source .venv-stage10/bin/activate && which python && python --version
/Users/zhengpeixian/ZPX/UTS/DeepLearning/Group/Drowsiness_Detection/.venv-stage10/bin/python
Python 3.12.11
exit_code=0
